
> temp_frontend@0.1.0 build
> next build

Γû▓ Next.js 16.2.1 (Turbopack)
- Environments: .env.local

  Creating an optimized production build ...
Γ£ô Compiled successfully in 7.5s
  Skipping validation of types
  Finished TypeScript config validation in 20ms ...
  Collecting page data using 7 workers ...
  Generating static pages using 7 workers (0/14) ...
  Generating static pages using 7 workers (3/14) 
  Generating static pages using 7 workers (6/14) 
  Generating static pages using 7 workers (10/14) 
Γ£ô Generating static pages using 7 workers (14/14) in 814ms
  Finalizing page optimization ...

Route (app)
Γöî Γùï /
Γö£ Γùï /_not-found
Γö£ Γùï /admin/login
Γö£ Γùï /dashboard
Γö£ Γùï /dashboard/audit
Γö£ Γùï /dashboard/cards
Γö£ Γùï /dashboard/operations
Γö£ Γùï /dashboard/requests
Γö£ Γùï /dashboard/security
Γö£ Γùï /dashboard/settings
Γö£ Γùï /dashboard/users
Γö£ Γùï /login
Γöö Γùï /signup


Γùï  (Static)  prerendered as static content

